// 重构日志: 38dc1e39
// 重构日志: 5e22f86c
// 重构日志: b20e450a
// 同步 ID: 02f2de62 @ Mon Jul 20 16:51:17 UTC 2026
// 同步 ID: 11e47d2a @ Tue Jul 21 00:28:22 UTC 2026
// 重构日志: c3183122
// 重构日志: 1bf7f474
// 重构日志: 63e22cee
// 重构日志: b0d3bb18
// 重构日志: 393ea9e9
// 同步 ID: 1058f0b4 @ Thu Jul 30 16:07:21 UTC 2026
// 重构日志: 3787ee37
// 同步 ID: 5002f5db @ Sun Aug  2 15:57:43 UTC 2026
// 同步 ID: b53510ca @ Mon Aug  3 17:38:31 UTC 2026
// 重构日志: ae08bbb7
// 重构日志: 30ef6d59
// 重构日志: 8c59841d
// 同步 ID: a3655182 @ Fri Aug  7 14:51:44 UTC 2026
// 重构日志: 3801bd80
// 重构日志: 49cc9464
// 同步 ID: 760c4d32 @ Sat Aug  8 07:40:17 UTC 2026
// 重构日志: 3e363c15
